------------------------------------------------------------
Timing Analyzer Summary
------------------------------------------------------------

Type  : Slow 1200mV 85C Model Setup 'MCLK'
Slack : -1.420
TNS   : -11.821

Type  : Slow 1200mV 85C Model Hold 'MCLK'
Slack : 0.314
TNS   : 0.000

Type  : Slow 1200mV 85C Model Recovery 'MCLK'
Slack : -1.007
TNS   : -7.183

Type  : Slow 1200mV 85C Model Removal 'MCLK'
Slack : 0.939
TNS   : 0.000

Type  : Slow 1200mV 85C Model Minimum Pulse Width 'MCLK'
Slack : -3.000
TNS   : -17.664

Type  : Slow 1200mV 0C Model Setup 'MCLK'
Slack : -1.196
TNS   : -9.588

Type  : Slow 1200mV 0C Model Hold 'MCLK'
Slack : 0.285
TNS   : 0.000

Type  : Slow 1200mV 0C Model Recovery 'MCLK'
Slack : -0.843
TNS   : -5.823

Type  : Slow 1200mV 0C Model Removal 'MCLK'
Slack : 0.877
TNS   : 0.000

Type  : Slow 1200mV 0C Model Minimum Pulse Width 'MCLK'
Slack : -3.000
TNS   : -17.664

Type  : Fast 1200mV 0C Model Setup 'MCLK'
Slack : -0.148
TNS   : -0.436

Type  : Fast 1200mV 0C Model Hold 'MCLK'
Slack : 0.144
TNS   : 0.000

Type  : Fast 1200mV 0C Model Recovery 'MCLK'
Slack : 0.044
TNS   : 0.000

Type  : Fast 1200mV 0C Model Removal 'MCLK'
Slack : 0.434
TNS   : 0.000

Type  : Fast 1200mV 0C Model Minimum Pulse Width 'MCLK'
Slack : -3.000
TNS   : -15.448

------------------------------------------------------------
